#
# There is insufficient memory for the Java Runtime Environment to continue.
# Native memory allocation (malloc) failed to allocate 32784 bytes. Error detail: Chunk::new
# Possible reasons:
#   The system is out of physical RAM or swap space
#   This process is running with CompressedOops enabled, and the Java Heap may be blocking the growth of the native heap
# Possible solutions:
#   Reduce memory load on the system
#   Increase physical memory or swap space
#   Check if swap backing store is full
#   Decrease Java heap size (-Xmx/-Xms)
#   Decrease number of Java threads
#   Decrease Java thread stack sizes (-Xss)
#   Set larger code cache with -XX:ReservedCodeCacheSize=
#   JVM is running with Unscaled Compressed Oops mode in which the Java heap is
#     placed in the first 4GB address space. The Java Heap base address is the
#     maximum limit for the native heap growth. Please use -XX:HeapBaseMinAddress
#     to set the Java Heap base and to place the Java Heap above 4GB virtual address.
# This output file may be truncated or incomplete.
#
#  Out of Memory Error (arena.cpp:168), pid=22616, tid=7604
#
# JRE version: OpenJDK Runtime Environment Temurin-21.0.11+10 (21.0.11+10) (build 21.0.11+10-LTS)
# Java VM: OpenJDK 64-Bit Server VM Temurin-21.0.11+10 (21.0.11+10-LTS, mixed mode, sharing, tiered, compressed oops, compressed class ptrs, parallel gc, windows-amd64)
# No core dump will be written. Minidumps are not enabled by default on client versions of Windows
#

---------------  S U M M A R Y ------------

Command Line: --add-modules=ALL-SYSTEM --add-opens=java.base/java.util=ALL-UNNAMED --add-opens=java.base/java.lang=ALL-UNNAMED --add-opens=java.base/sun.nio.fs=ALL-UNNAMED -Declipse.application=org.eclipse.jdt.ls.core.id1 -Dosgi.bundles.defaultStartLevel=4 -Declipse.product=org.eclipse.jdt.ls.core.product -Djava.import.generatesMetadataFilesAtProjectRoot=false -DDetectVMInstallationsJob.disabled=true -Dfile.encoding=utf8 -XX:+UseParallelGC -XX:GCTimeRatio=4 -XX:AdaptiveSizePolicyWeight=90 -Dsun.zip.disableMemoryMapping=true -Xmx2G -Xms100m -Xlog:disable -javaagent:c:\Users\user\.vscode\extensions\redhat.java-1.55.0-win32-x64\lombok\lombok-1.18.39-4050.jar c:\Users\user\.vscode\extensions\redhat.java-1.55.0-win32-x64\server\plugins\org.eclipse.equinox.launcher_1.7.200.v20260619-2039.jar -configuration c:\Users\user\AppData\Roaming\Code\User\globalStorage\redhat.java\1.55.0\config_ss_win -data c:\Users\user\AppData\Roaming\Code\User\workspaceStorage\dab5175b91a082de2c4132b3822a9f46\redhat.java\ss_ws --pipe=\\.\pipe\lsp-5f59cc36206e6358c1c5172bb333e066-sock

Host: Intel(R) Core(TM) i5-6300U CPU @ 2.40GHz, 4 cores, 7G,  Windows 10 , 64 bit Build 19041 (10.0.19041.5915)
Time: Fri Jun 26 17:36:47 2026 W. Central Africa Standard Time elapsed time: 21815.414864 seconds (0d 6h 3m 35s)

---------------  T H R E A D  ---------------

Current thread (0x0000021ed239ca80):  JavaThread "C2 CompilerThread0" daemon [_thread_in_native, id=7604, stack(0x0000008821f00000,0x0000008822000000) (1024K)]


Current CompileTask:
C2:21815415 5566 %     4       sun.nio.fs.WindowsPathParser::normalize @ 18 (233 bytes)

Stack: [0x0000008821f00000,0x0000008822000000]
Native frames: (J=compiled Java code, j=interpreted, Vv=VM code, C=native code)
V  [jvm.dll+0x6d7e19]
V  [jvm.dll+0x8b5096]
V  [jvm.dll+0x8b764e]
V  [jvm.dll+0x8b7d33]
V  [jvm.dll+0x284596]
V  [jvm.dll+0xc685d]
V  [jvm.dll+0xc6da1]
V  [jvm.dll+0xc6985]
V  [jvm.dll+0x6b2edc]
V  [jvm.dll+0x664bd1]
V  [jvm.dll+0x24c57b]
V  [jvm.dll+0x24bce0]
V  [jvm.dll+0x1cb4ae]
V  [jvm.dll+0x25baad]
V  [jvm.dll+0x25a03a]
V  [jvm.dll+0x3f868e]
V  [jvm.dll+0x85fb0d]
V  [jvm.dll+0x6d664d]
C  [ucrtbase.dll+0x21bb2]
C  [KERNEL32.DLL+0x17374]
C  [ntdll.dll+0x4cc91]


---------------  P R O C E S S  ---------------

Threads class SMR info:
_java_thread_list=0x0000021ef04ead60, length=29, elements={
0x0000021ed023e210, 0x0000021ed2391630, 0x0000021ed2392f40, 0x0000021ed23988f0,
0x0000021ed2399610, 0x0000021ed239b1e0, 0x0000021ed239bc40, 0x0000021ed239ca80,
0x0000021ed240da50, 0x0000021ee9b6ec20, 0x0000021ee9c879b0, 0x0000021ee9ad0510,
0x0000021ed244c350, 0x0000021ed244c9c0, 0x0000021ee9cf0570, 0x0000021eeea66c90,
0x0000021eeea63810, 0x0000021eeea65250, 0x0000021eeea64530, 0x0000021eeea64bc0,
0x0000021eeea658e0, 0x0000021eeea66600, 0x0000021eeea65f70, 0x0000021eee7432d0,
0x0000021eee73eaa0, 0x0000021eee741890, 0x0000021eee73f7c0, 0x0000021eee743ff0,
0x0000021eee73fe50
}

Java Threads: ( => current thread )
  0x0000021ed023e210 JavaThread "main"                              [_thread_blocked, id=8660, stack(0x0000008821500000,0x0000008821600000) (1024K)]
  0x0000021ed2391630 JavaThread "Reference Handler"          daemon [_thread_blocked, id=16260, stack(0x0000008821900000,0x0000008821a00000) (1024K)]
  0x0000021ed2392f40 JavaThread "Finalizer"                  daemon [_thread_blocked, id=8940, stack(0x0000008821a00000,0x0000008821b00000) (1024K)]
  0x0000021ed23988f0 JavaThread "Signal Dispatcher"          daemon [_thread_blocked, id=19640, stack(0x0000008821b00000,0x0000008821c00000) (1024K)]
  0x0000021ed2399610 JavaThread "Attach Listener"            daemon [_thread_blocked, id=10616, stack(0x0000008821c00000,0x0000008821d00000) (1024K)]
  0x0000021ed239b1e0 JavaThread "Service Thread"             daemon [_thread_blocked, id=3896, stack(0x0000008821d00000,0x0000008821e00000) (1024K)]
  0x0000021ed239bc40 JavaThread "Monitor Deflation Thread"   daemon [_thread_blocked, id=27348, stack(0x0000008821e00000,0x0000008821f00000) (1024K)]
=>0x0000021ed239ca80 JavaThread "C2 CompilerThread0"         daemon [_thread_in_native, id=7604, stack(0x0000008821f00000,0x0000008822000000) (1024K)]
  0x0000021ed240da50 JavaThread "C1 CompilerThread0"         daemon [_thread_blocked, id=512, stack(0x0000008822000000,0x0000008822100000) (1024K)]
  0x0000021ee9b6ec20 JavaThread "Common-Cleaner"             daemon [_thread_blocked, id=26248, stack(0x0000008822100000,0x0000008822200000) (1024K)]
  0x0000021ee9c879b0 JavaThread "Notification Thread"        daemon [_thread_blocked, id=5044, stack(0x0000008822200000,0x0000008822300000) (1024K)]
  0x0000021ee9ad0510 JavaThread "Active Thread: Equinox Container: 21652567-0e1d-4293-b1d4-7802ac34981e"        [_thread_blocked, id=19052, stack(0x0000008822a00000,0x0000008822b00000) (1024K)]
  0x0000021ed244c350 JavaThread "Framework Event Dispatcher: Equinox Container: 21652567-0e1d-4293-b1d4-7802ac34981e" daemon [_thread_blocked, id=17984, stack(0x0000008822600000,0x0000008822700000) (1024K)]
  0x0000021ed244c9c0 JavaThread "Start Level: Equinox Container: 21652567-0e1d-4293-b1d4-7802ac34981e" daemon [_thread_blocked, id=18884, stack(0x0000008822700000,0x0000008822800000) (1024K)]
  0x0000021ee9cf0570 JavaThread "Refresh Thread: Equinox Container: 21652567-0e1d-4293-b1d4-7802ac34981e" daemon [_thread_blocked, id=4304, stack(0x0000008822800000,0x0000008822900000) (1024K)]
  0x0000021eeea66c90 JavaThread "SCR Component Actor"        daemon [_thread_blocked, id=23040, stack(0x0000008821400000,0x0000008821500000) (1024K)]
  0x0000021eeea63810 JavaThread "Worker-JM"                         [_thread_blocked, id=18680, stack(0x0000008822e00000,0x0000008822f00000) (1024K)]
  0x0000021eeea65250 JavaThread "Worker-0"                          [_thread_blocked, id=22576, stack(0x0000008822f00000,0x0000008823000000) (1024K)]
  0x0000021eeea64530 JavaThread "Worker-1"                          [_thread_blocked, id=22888, stack(0x0000008823000000,0x0000008823100000) (1024K)]
  0x0000021eeea64bc0 JavaThread "JNA Cleaner"                daemon [_thread_blocked, id=11956, stack(0x0000008822b00000,0x0000008822c00000) (1024K)]
  0x0000021eeea658e0 JavaThread "Thread-1"                   daemon [_thread_in_native, id=8572, stack(0x0000008823100000,0x0000008823200000) (1024K)]
  0x0000021eeea66600 JavaThread "Thread-2"                   daemon [_thread_in_native, id=8672, stack(0x0000008823200000,0x0000008823300000) (1024K)]
  0x0000021eeea65f70 JavaThread "Thread-3"                   daemon [_thread_in_native, id=5576, stack(0x0000008823300000,0x0000008823400000) (1024K)]
  0x0000021eee7432d0 JavaThread "Thread-4"                   daemon [_thread_in_native, id=23172, stack(0x0000008823400000,0x0000008823500000) (1024K)]
  0x0000021eee73eaa0 JavaThread "Thread-5"                   daemon [_thread_in_native, id=18920, stack(0x0000008823500000,0x0000008823600000) (1024K)]
  0x0000021eee741890 JavaThread "pool-2-thread-1"                   [_thread_blocked, id=13232, stack(0x0000008823700000,0x0000008823800000) (1024K)]
  0x0000021eee73f7c0 JavaThread "WorkspaceEventsHandler"            [_thread_blocked, id=20728, stack(0x0000008823800000,0x0000008823900000) (1024K)]
  0x0000021eee743ff0 JavaThread "pool-1-thread-1"                   [_thread_in_Java, id=16484, stack(0x0000008823900000,0x0000008823a00000) (1024K)]
  0x0000021eee73fe50 JavaThread "ForkJoinPool.commonPool-worker-1" daemon [_thread_blocked, id=24384, stack(0x0000008823a00000,0x0000008823b00000) (1024K)]
Total: 29

Other Threads:
  0x0000021ed2565910 VMThread "VM Thread"                           [id=24628, stack(0x0000008821800000,0x0000008821900000) (1024K)]
  0x0000021ed25137f0 WatcherThread "VM Periodic Task Thread"        [id=22800, stack(0x0000008821700000,0x0000008821800000) (1024K)]
  0x0000021ed24c6e20 WorkerThread "GC Thread#0"                     [id=20724, stack(0x0000008821600000,0x0000008821700000) (1024K)]
  0x0000021eee02a4e0 WorkerThread "GC Thread#1"                     [id=2876, stack(0x0000008822300000,0x0000008822400000) (1024K)]
  0x0000021ee9b05350 WorkerThread "GC Thread#2"                     [id=19720, stack(0x0000008822400000,0x0000008822500000) (1024K)]
  0x0000021ee9b05700 WorkerThread "GC Thread#3"                     [id=27552, stack(0x0000008822500000,0x0000008822600000) (1024K)]
Total: 6

Threads with active compile tasks:
C2 CompilerThread0  21815486 5566 %     4       sun.nio.fs.WindowsPathParser::normalize @ 18 (233 bytes)
Total: 1

VM state: not at safepoint (normal execution)

VM Mutex/Monitor currently owned by a thread: None

OutOfMemory and StackOverflow Exception counts:
OutOfMemoryError java_heap_errors=2
LinkageErrors=93

Heap address: 0x0000000080000000, size: 2048 MB, Compressed Oops mode: 32-bit

CDS archive(s) mapped at: [0x0000021e80000000-0x0000021e80ba0000-0x0000021e80ba0000), size 12189696, SharedBaseAddress: 0x0000021e80000000, ArchiveRelocationMode: 1.
Compressed class space mapped at: 0x0000021e81000000-0x0000021ec1000000, reserved size: 1073741824
Narrow klass base: 0x0000021e80000000, Narrow klass shift: 0, Narrow klass range: 0x100000000

GC Precious Log:
 CardTable entry size: 512
 CPUs: 4 total, 4 available
 Memory: 8072M
 Large Page Support: Disabled
 NUMA Support: Disabled
 Compressed Oops: Enabled (32-bit)
 Alignments: Space 512K, Generation 512K, Heap 2M
 Heap Min Capacity: 100M
 Heap Initial Capacity: 100M
 Heap Max Capacity: 2G
 Pre-touch: Disabled
 Parallel Workers: 4

Heap:
 PSYoungGen      total 24064K, used 15369K [0x00000000d5580000, 0x00000000d6f00000, 0x0000000100000000)
  eden space 22016K, 62% used [0x00000000d5580000,0x00000000d62dc5e0,0x00000000d6b00000)
  from space 2048K, 82% used [0x00000000d6d00000,0x00000000d6ea6200,0x00000000d6f00000)
  to   space 2048K, 0% used [0x00000000d6b00000,0x00000000d6b00000,0x00000000d6d00000)
 ParOldGen       total 68608K, used 29435K [0x0000000080000000, 0x0000000084300000, 0x00000000d5580000)
  object space 68608K, 42% used [0x0000000080000000,0x0000000081cbed80,0x0000000084300000)
 Metaspace       used 39317K, committed 40320K, reserved 1114112K
  class space    used 4000K, committed 4480K, reserved 1048576K

Card table byte_map: [0x0000021ed1e50000,0x0000021ed2260000] _byte_map_base: 0x0000021ed1a50000

Marking Bits: (ParMarkBitMap*) 0x00007ff992c74460
 Begin Bits: [0x0000021ee4960000, 0x0000021ee6960000)
 End Bits:   [0x0000021ee6960000, 0x0000021ee8960000)

Polling page: 0x0000021ed0310000

Metaspace:

Usage:
  Non-class:     34.49 MB used.
      Class:      3.91 MB used.
       Both:     38.40 MB used.

Virtual space:
  Non-class space:       64.00 MB reserved,      35.00 MB ( 55%) committed,  1 nodes.
      Class space:        1.00 GB reserved,       4.38 MB ( <1%) committed,  1 nodes.
             Both:        1.06 GB reserved,      39.38 MB (  4%) committed. 

Chunk freelists:
   Non-Class:  12.52 MB
       Class:  11.56 MB
        Both:  24.08 MB

MaxMetaspaceSize: unlimited
CompressedClassSpaceSize: 1.00 GB
Initial GC threshold: 21.00 MB
Current GC threshold: 58.38 MB
CDS: on
 - commit_granule_bytes: 65536.
 - commit_granule_words: 8192.
 - virtual_space_node_default_size: 8388608.
 - enlarge_chunks_in_place: 1.
 - use_allocation_guard: 0.


Internal statistics:

num_allocs_failed_limit: 6.
num_arena_births: 692.
num_arena_deaths: 14.
num_vsnodes_births: 2.
num_vsnodes_deaths: 0.
num_space_committed: 630.
num_space_uncommitted: 0.
num_chunks_returned_to_freelist: 20.
num_chunks_taken_from_freelist: 2235.
num_chunk_merges: 10.
num_chunk_splits: 1475.
num_chunks_enlarged: 963.
num_inconsistent_stats: 0.

CodeHeap 'non-profiled nmethods': size=120000Kb used=2658Kb max_used=2658Kb free=117341Kb
 bounds [0x0000021edd180000, 0x0000021edd420000, 0x0000021ee46b0000]
CodeHeap 'profiled nmethods': size=120000Kb used=10450Kb max_used=10450Kb free=109549Kb
 bounds [0x0000021ed56b0000, 0x0000021ed60f0000, 0x0000021edcbe0000]
CodeHeap 'non-nmethods': size=5760Kb used=1384Kb max_used=1414Kb free=4375Kb
 bounds [0x0000021edcbe0000, 0x0000021edce50000, 0x0000021edd180000]
CodeCache: size=245760Kb, used=14492Kb, max_used=14522Kb, free=231265Kb
 total_blobs=5752, nmethods=5061, adapters=597, full_count=0
Compilation: enabled, stopped_count=0, restarted_count=0

Compilation events (20 events):
Event: 21814.776 Thread 0x0000021ed240da50 nmethod 5556 0x0000021ed60df610 code [0x0000021ed60df7e0, 0x0000021ed60dfb78]
Event: 21814.776 Thread 0x0000021ed240da50 5557       3       sun.nio.cs.UTF_8$Encoder::encodeLoop (28 bytes)
Event: 21814.777 Thread 0x0000021ed240da50 nmethod 5557 0x0000021ed60dfc90 code [0x0000021ed60dfe80, 0x0000021ed60e0250]
Event: 21814.827 Thread 0x0000021ed240da50 5558       3       org.eclipse.core.resources.ResourcesPlugin::getWorkspace (44 bytes)
Event: 21814.828 Thread 0x0000021ed240da50 nmethod 5558 0x0000021ed60e0390 code [0x0000021ed60e0560, 0x0000021ed60e0890]
Event: 21814.828 Thread 0x0000021ed240da50 5559       3       org.eclipse.core.internal.resources.WorkspaceRoot::getProject (111 bytes)
Event: 21814.844 Thread 0x0000021ed240da50 nmethod 5559 0x0000021ed60e0a10 code [0x0000021ed60e0d60, 0x0000021ed60e2318]
Event: 21815.328 Thread 0x0000021ed240da50 5560       1       org.eclipse.core.runtime.NullProgressMonitor::isCanceled (5 bytes)
Event: 21815.328 Thread 0x0000021ed240da50 nmethod 5560 0x0000021edd418810 code [0x0000021edd4189a0, 0x0000021edd418a70]
Event: 21815.343 Thread 0x0000021ed240da50 5561       3       org.eclipse.core.runtime.SubMonitor::cleanupActiveChild (22 bytes)
Event: 21815.344 Thread 0x0000021ed240da50 nmethod 5561 0x0000021ed60e2b10 code [0x0000021ed60e2cc0, 0x0000021ed60e2e88]
Event: 21815.357 Thread 0x0000021ed240da50 5562       3       org.eclipse.core.internal.dtree.DataTreeLookup::newLookup (12 bytes)
Event: 21815.358 Thread 0x0000021ed240da50 nmethod 5562 0x0000021ed60e2f90 code [0x0000021ed60e3140, 0x0000021ed60e3388]
Event: 21815.358 Thread 0x0000021ed240da50 5563       3       org.eclipse.core.internal.resources.ProjectPreferences::nodeExists (124 bytes)
Event: 21815.363 Thread 0x0000021ed240da50 nmethod 5563 0x0000021ed60e3490 code [0x0000021ed60e3860, 0x0000021ed60e5010]
Event: 21815.363 Thread 0x0000021ed240da50 5565       3       org.eclipse.core.internal.jobs.DeadlockDetector::indexOf (43 bytes)
Event: 21815.364 Thread 0x0000021ed240da50 nmethod 5565 0x0000021ed60e5810 code [0x0000021ed60e5a20, 0x0000021ed60e6018]
Event: 21815.364 Thread 0x0000021ed240da50 5564       3       org.eclipse.core.runtime.Platform::getPreferencesService (7 bytes)
Event: 21815.367 Thread 0x0000021ed240da50 nmethod 5564 0x0000021ed60e6310 code [0x0000021ed60e64e0, 0x0000021ed60e68b8]
Event: 21815.374 Thread 0x0000021ed239ca80 5566 %     4       sun.nio.fs.WindowsPathParser::normalize @ 18 (233 bytes)

GC Heap History (20 events):
Event: 133.334 GC heap before
{Heap before GC invocations=13 (full 1):
 PSYoungGen      total 24576K, used 23719K [0x00000000d5580000, 0x00000000d7200000, 0x0000000100000000)
  eden space 22528K, 97% used [0x00000000d5580000,0x00000000d6ade9f0,0x00000000d6b80000)
  from space 2048K, 89% used [0x00000000d6e80000,0x00000000d704b510,0x00000000d7080000)
  to   space 1536K, 0% used [0x00000000d7080000,0x00000000d7080000,0x00000000d7200000)
 ParOldGen       total 68608K, used 14992K [0x0000000080000000, 0x0000000084300000, 0x00000000d5580000)
  object space 68608K, 21% used [0x0000000080000000,0x0000000080ea41d8,0x0000000084300000)
 Metaspace       used 34943K, committed 35840K, reserved 1114112K
  class space    used 3563K, committed 3968K, reserved 1048576K
}
Event: 133.342 GC heap after
{Heap after GC invocations=13 (full 1):
 PSYoungGen      total 24064K, used 1526K [0x00000000d5580000, 0x00000000d7200000, 0x0000000100000000)
  eden space 22528K, 0% used [0x00000000d5580000,0x00000000d5580000,0x00000000d6b80000)
  from space 1536K, 99% used [0x00000000d7080000,0x00000000d71fd828,0x00000000d7200000)
  to   space 3072K, 0% used [0x00000000d6c00000,0x00000000d6c00000,0x00000000d6f00000)
 ParOldGen       total 68608K, used 16129K [0x0000000080000000, 0x0000000084300000, 0x00000000d5580000)
  object space 68608K, 23% used [0x0000000080000000,0x0000000080fc0628,0x0000000084300000)
 Metaspace       used 34943K, committed 35840K, reserved 1114112K
  class space    used 3563K, committed 3968K, reserved 1048576K
}
Event: 133.342 GC heap before
{Heap before GC invocations=14 (full 2):
 PSYoungGen      total 24064K, used 1526K [0x00000000d5580000, 0x00000000d7200000, 0x0000000100000000)
  eden space 22528K, 0% used [0x00000000d5580000,0x00000000d5580000,0x00000000d6b80000)
  from space 1536K, 99% used [0x00000000d7080000,0x00000000d71fd828,0x00000000d7200000)
  to   space 3072K, 0% used [0x00000000d6c00000,0x00000000d6c00000,0x00000000d6f00000)
 ParOldGen       total 68608K, used 16129K [0x0000000080000000, 0x0000000084300000, 0x00000000d5580000)
  object space 68608K, 23% used [0x0000000080000000,0x0000000080fc0628,0x0000000084300000)
 Metaspace       used 34943K, committed 35840K, reserved 1114112K
  class space    used 3563K, committed 3968K, reserved 1048576K
}
Event: 133.454 GC heap after
{Heap after GC invocations=14 (full 2):
 PSYoungGen      total 24064K, used 0K [0x00000000d5580000, 0x00000000d7200000, 0x0000000100000000)
  eden space 22528K, 0% used [0x00000000d5580000,0x00000000d5580000,0x00000000d6b80000)
  from space 1536K, 0% used [0x00000000d7080000,0x00000000d7080000,0x00000000d7200000)
  to   space 3072K, 0% used [0x00000000d6c00000,0x00000000d6c00000,0x00000000d6f00000)
 ParOldGen       total 68608K, used 16476K [0x0000000080000000, 0x0000000084300000, 0x00000000d5580000)
  object space 68608K, 24% used [0x0000000080000000,0x00000000810170a0,0x0000000084300000)
 Metaspace       used 34943K, committed 35840K, reserved 1114112K
  class space    used 3563K, committed 3968K, reserved 1048576K
}
Event: 135.166 GC heap before
{Heap before GC invocations=15 (full 2):
 PSYoungGen      total 24064K, used 22528K [0x00000000d5580000, 0x00000000d7200000, 0x0000000100000000)
  eden space 22528K, 100% used [0x00000000d5580000,0x00000000d6b80000,0x00000000d6b80000)
  from space 1536K, 0% used [0x00000000d7080000,0x00000000d7080000,0x00000000d7200000)
  to   space 3072K, 0% used [0x00000000d6c00000,0x00000000d6c00000,0x00000000d6f00000)
 ParOldGen       total 68608K, used 16476K [0x0000000080000000, 0x0000000084300000, 0x00000000d5580000)
  object space 68608K, 24% used [0x0000000080000000,0x00000000810170a0,0x0000000084300000)
 Metaspace       used 35947K, committed 36992K, reserved 1114112K
  class space    used 3692K, committed 4160K, reserved 1048576K
}
Event: 135.172 GC heap after
{Heap after GC invocations=15 (full 2):
 PSYoungGen      total 24064K, used 1760K [0x00000000d5580000, 0x00000000d7100000, 0x0000000100000000)
  eden space 22016K, 0% used [0x00000000d5580000,0x00000000d5580000,0x00000000d6b00000)
  from space 2048K, 85% used [0x00000000d6c00000,0x00000000d6db8030,0x00000000d6e00000)
  to   space 2560K, 0% used [0x00000000d6e80000,0x00000000d6e80000,0x00000000d7100000)
 ParOldGen       total 68608K, used 16484K [0x0000000080000000, 0x0000000084300000, 0x00000000d5580000)
  object space 68608K, 24% used [0x0000000080000000,0x00000000810190a0,0x0000000084300000)
 Metaspace       used 35947K, committed 36992K, reserved 1114112K
  class space    used 3692K, committed 4160K, reserved 1048576K
}
Event: 135.782 GC heap before
{Heap before GC invocations=16 (full 2):
 PSYoungGen      total 24064K, used 23776K [0x00000000d5580000, 0x00000000d7100000, 0x0000000100000000)
  eden space 22016K, 100% used [0x00000000d5580000,0x00000000d6b00000,0x00000000d6b00000)
  from space 2048K, 85% used [0x00000000d6c00000,0x00000000d6db8030,0x00000000d6e00000)
  to   space 2560K, 0% used [0x00000000d6e80000,0x00000000d6e80000,0x00000000d7100000)
 ParOldGen       total 68608K, used 16484K [0x0000000080000000, 0x0000000084300000, 0x00000000d5580000)
  object space 68608K, 24% used [0x0000000080000000,0x00000000810190a0,0x0000000084300000)
 Metaspace       used 35999K, committed 36992K, reserved 1114112K
  class space    used 3715K, committed 4160K, reserved 1048576K
}
Event: 135.916 GC heap after
{Heap after GC invocations=16 (full 2):
 PSYoungGen      total 24064K, used 1664K [0x00000000d5580000, 0x00000000d7080000, 0x0000000100000000)
  eden space 22016K, 0% used [0x00000000d5580000,0x00000000d5580000,0x00000000d6b00000)
  from space 2048K, 81% used [0x00000000d6e80000,0x00000000d7020010,0x00000000d7080000)
  to   space 2048K, 0% used [0x00000000d6c00000,0x00000000d6c00000,0x00000000d6e00000)
 ParOldGen       total 68608K, used 18169K [0x0000000080000000, 0x0000000084300000, 0x00000000d5580000)
  object space 68608K, 26% used [0x0000000080000000,0x00000000811be428,0x0000000084300000)
 Metaspace       used 35999K, committed 36992K, reserved 1114112K
  class space    used 3715K, committed 4160K, reserved 1048576K
}
Event: 137.941 GC heap before
{Heap before GC invocations=17 (full 2):
 PSYoungGen      total 24064K, used 23680K [0x00000000d5580000, 0x00000000d7080000, 0x0000000100000000)
  eden space 22016K, 100% used [0x00000000d5580000,0x00000000d6b00000,0x00000000d6b00000)
  from space 2048K, 81% used [0x00000000d6e80000,0x00000000d7020010,0x00000000d7080000)
  to   space 2048K, 0% used [0x00000000d6c00000,0x00000000d6c00000,0x00000000d6e00000)
 ParOldGen       total 68608K, used 18169K [0x0000000080000000, 0x0000000084300000, 0x00000000d5580000)
  object space 68608K, 26% used [0x0000000080000000,0x00000000811be428,0x0000000084300000)
 Metaspace       used 36595K, committed 37632K, reserved 1114112K
  class space    used 3796K, committed 4288K, reserved 1048576K
}
Event: 137.949 GC heap after
{Heap after GC invocations=17 (full 2):
 PSYoungGen      total 24064K, used 2018K [0x00000000d5580000, 0x00000000d7300000, 0x0000000100000000)
  eden space 22016K, 0% used [0x00000000d5580000,0x00000000d5580000,0x00000000d6b00000)
  from space 2048K, 98% used [0x00000000d6c00000,0x00000000d6df8820,0x00000000d6e00000)
  to   space 4096K, 0% used [0x00000000d6f00000,0x00000000d6f00000,0x00000000d7300000)
 ParOldGen       total 68608K, used 19737K [0x0000000080000000, 0x0000000084300000, 0x00000000d5580000)
  object space 68608K, 28% used [0x0000000080000000,0x0000000081346428,0x0000000084300000)
 Metaspace       used 36595K, committed 37632K, reserved 1114112K
  class space    used 3796K, committed 4288K, reserved 1048576K
}
Event: 138.349 GC heap before
{Heap before GC invocations=18 (full 2):
 PSYoungGen      total 24064K, used 24034K [0x00000000d5580000, 0x00000000d7300000, 0x0000000100000000)
  eden space 22016K, 100% used [0x00000000d5580000,0x00000000d6b00000,0x00000000d6b00000)
  from space 2048K, 98% used [0x00000000d6c00000,0x00000000d6df8820,0x00000000d6e00000)
  to   space 4096K, 0% used [0x00000000d6f00000,0x00000000d6f00000,0x00000000d7300000)
 ParOldGen       total 68608K, used 19737K [0x0000000080000000, 0x0000000084300000, 0x00000000d5580000)
  object space 68608K, 28% used [0x0000000080000000,0x0000000081346428,0x0000000084300000)
 Metaspace       used 36710K, committed 37696K, reserved 1114112K
  class space    used 3803K, committed 4288K, reserved 1048576K
}
Event: 138.371 GC heap after
{Heap after GC invocations=18 (full 2):
 PSYoungGen      total 24064K, used 2016K [0x00000000d5580000, 0x00000000d7100000, 0x0000000100000000)
  eden space 22016K, 0% used [0x00000000d5580000,0x00000000d5580000,0x00000000d6b00000)
  from space 2048K, 98% used [0x00000000d6f00000,0x00000000d70f8000,0x00000000d7100000)
  to   space 3072K, 0% used [0x00000000d6b00000,0x00000000d6b00000,0x00000000d6e00000)
 ParOldGen       total 68608K, used 21695K [0x0000000080000000, 0x0000000084300000, 0x00000000d5580000)
  object space 68608K, 31% used [0x0000000080000000,0x000000008152fdb0,0x0000000084300000)
 Metaspace       used 36710K, committed 37696K, reserved 1114112K
  class space    used 3803K, committed 4288K, reserved 1048576K
}
Event: 139.035 GC heap before
{Heap before GC invocations=19 (full 2):
 PSYoungGen      total 24064K, used 24032K [0x00000000d5580000, 0x00000000d7100000, 0x0000000100000000)
  eden space 22016K, 100% used [0x00000000d5580000,0x00000000d6b00000,0x00000000d6b00000)
  from space 2048K, 98% used [0x00000000d6f00000,0x00000000d70f8000,0x00000000d7100000)
  to   space 3072K, 0% used [0x00000000d6b00000,0x00000000d6b00000,0x00000000d6e00000)
 ParOldGen       total 68608K, used 21695K [0x0000000080000000, 0x0000000084300000, 0x00000000d5580000)
  object space 68608K, 31% used [0x0000000080000000,0x000000008152fdb0,0x0000000084300000)
 Metaspace       used 36940K, committed 37888K, reserved 1114112K
  class space    used 3816K, committed 4288K, reserved 1048576K
}
Event: 139.042 GC heap after
{Heap after GC invocations=19 (full 2):
 PSYoungGen      total 24064K, used 1764K [0x00000000d5580000, 0x00000000d6f80000, 0x0000000100000000)
  eden space 22016K, 0% used [0x00000000d5580000,0x00000000d5580000,0x00000000d6b00000)
  from space 2048K, 86% used [0x00000000d6b00000,0x00000000d6cb9000,0x00000000d6d00000)
  to   space 2048K, 0% used [0x00000000d6d80000,0x00000000d6d80000,0x00000000d6f80000)
 ParOldGen       total 68608K, used 23645K [0x0000000080000000, 0x0000000084300000, 0x00000000d5580000)
  object space 68608K, 34% used [0x0000000080000000,0x0000000081717760,0x0000000084300000)
 Metaspace       used 36940K, committed 37888K, reserved 1114112K
  class space    used 3816K, committed 4288K, reserved 1048576K
}
Event: 139.422 GC heap before
{Heap before GC invocations=20 (full 2):
 PSYoungGen      total 24064K, used 23780K [0x00000000d5580000, 0x00000000d6f80000, 0x0000000100000000)
  eden space 22016K, 100% used [0x00000000d5580000,0x00000000d6b00000,0x00000000d6b00000)
  from space 2048K, 86% used [0x00000000d6b00000,0x00000000d6cb9000,0x00000000d6d00000)
  to   space 2048K, 0% used [0x00000000d6d80000,0x00000000d6d80000,0x00000000d6f80000)
 ParOldGen       total 68608K, used 23645K [0x0000000080000000, 0x0000000084300000, 0x00000000d5580000)
  object space 68608K, 34% used [0x0000000080000000,0x0000000081717760,0x0000000084300000)
 Metaspace       used 37063K, committed 38080K, reserved 1114112K
  class space    used 3838K, committed 4288K, reserved 1048576K
}
Event: 139.432 GC heap after
{Heap after GC invocations=20 (full 2):
 PSYoungGen      total 24064K, used 1888K [0x00000000d5580000, 0x00000000d6f80000, 0x0000000100000000)
  eden space 22016K, 0% used [0x00000000d5580000,0x00000000d5580000,0x00000000d6b00000)
  from space 2048K, 92% used [0x00000000d6d80000,0x00000000d6f58010,0x00000000d6f80000)
  to   space 2048K, 0% used [0x00000000d6b00000,0x00000000d6b00000,0x00000000d6d00000)
 ParOldGen       total 68608K, used 25358K [0x0000000080000000, 0x0000000084300000, 0x00000000d5580000)
  object space 68608K, 36% used [0x0000000080000000,0x00000000818c3860,0x0000000084300000)
 Metaspace       used 37063K, committed 38080K, reserved 1114112K
  class space    used 3838K, committed 4288K, reserved 1048576K
}
Event: 139.857 GC heap before
{Heap before GC invocations=21 (full 2):
 PSYoungGen      total 24064K, used 23904K [0x00000000d5580000, 0x00000000d6f80000, 0x0000000100000000)
  eden space 22016K, 100% used [0x00000000d5580000,0x00000000d6b00000,0x00000000d6b00000)
  from space 2048K, 92% used [0x00000000d6d80000,0x00000000d6f58010,0x00000000d6f80000)
  to   space 2048K, 0% used [0x00000000d6b00000,0x00000000d6b00000,0x00000000d6d00000)
 ParOldGen       total 68608K, used 25358K [0x0000000080000000, 0x0000000084300000, 0x00000000d5580000)
  object space 68608K, 36% used [0x0000000080000000,0x00000000818c3860,0x0000000084300000)
 Metaspace       used 37385K, committed 38400K, reserved 1114112K
  class space    used 3865K, committed 4352K, reserved 1048576K
}
Event: 139.866 GC heap after
{Heap after GC invocations=21 (full 2):
 PSYoungGen      total 24064K, used 1568K [0x00000000d5580000, 0x00000000d6f00000, 0x0000000100000000)
  eden space 22016K, 0% used [0x00000000d5580000,0x00000000d5580000,0x00000000d6b00000)
  from space 2048K, 76% used [0x00000000d6b00000,0x00000000d6c88010,0x00000000d6d00000)
  to   space 2048K, 0% used [0x00000000d6d00000,0x00000000d6d00000,0x00000000d6f00000)
 ParOldGen       total 68608K, used 27206K [0x0000000080000000, 0x0000000084300000, 0x00000000d5580000)
  object space 68608K, 39% used [0x0000000080000000,0x0000000081a91870,0x0000000084300000)
 Metaspace       used 37385K, committed 38400K, reserved 1114112K
  class space    used 3865K, committed 4352K, reserved 1048576K
}
Event: 140.649 GC heap before
{Heap before GC invocations=22 (full 2):
 PSYoungGen      total 24064K, used 23355K [0x00000000d5580000, 0x00000000d6f00000, 0x0000000100000000)
  eden space 22016K, 98% used [0x00000000d5580000,0x00000000d6ac6f30,0x00000000d6b00000)
  from space 2048K, 76% used [0x00000000d6b00000,0x00000000d6c88010,0x00000000d6d00000)
  to   space 2048K, 0% used [0x00000000d6d00000,0x00000000d6d00000,0x00000000d6f00000)
 ParOldGen       total 68608K, used 27206K [0x0000000080000000, 0x0000000084300000, 0x00000000d5580000)
  object space 68608K, 39% used [0x0000000080000000,0x0000000081a91870,0x0000000084300000)
 Metaspace       used 37712K, committed 38656K, reserved 1114112K
  class space    used 3891K, committed 4352K, reserved 1048576K
}
Event: 140.658 GC heap after
{Heap after GC invocations=22 (full 2):
 PSYoungGen      total 24064K, used 1688K [0x00000000d5580000, 0x00000000d6f00000, 0x0000000100000000)
  eden space 22016K, 0% used [0x00000000d5580000,0x00000000d5580000,0x00000000d6b00000)
  from space 2048K, 82% used [0x00000000d6d00000,0x00000000d6ea6200,0x00000000d6f00000)
  to   space 2048K, 0% used [0x00000000d6b00000,0x00000000d6b00000,0x00000000d6d00000)
 ParOldGen       total 68608K, used 29435K [0x0000000080000000, 0x0000000084300000, 0x00000000d5580000)
  object space 68608K, 42% used [0x0000000080000000,0x0000000081cbed80,0x0000000084300000)
 Metaspace       used 37712K, committed 38656K, reserved 1114112K
  class space    used 3891K, committed 4352K, reserved 1048576K
}

Dll operation events (12 events):
Event: 0.244 Loaded shared library c:\Users\user\.vscode\extensions\redhat.java-1.55.0-win32-x64\jre\21.0.11-win32-x86_64\bin\java.dll
Event: 1.692 Loaded shared library c:\Users\user\.vscode\extensions\redhat.java-1.55.0-win32-x64\jre\21.0.11-win32-x86_64\bin\zip.dll
Event: 1.881 Loaded shared library C:\Users\user\.vscode\extensions\redhat.java-1.55.0-win32-x64\jre\21.0.11-win32-x86_64\bin\instrument.dll
Event: 2.080 Loaded shared library C:\Users\user\.vscode\extensions\redhat.java-1.55.0-win32-x64\jre\21.0.11-win32-x86_64\bin\net.dll
Event: 2.284 Loaded shared library C:\Users\user\.vscode\extensions\redhat.java-1.55.0-win32-x64\jre\21.0.11-win32-x86_64\bin\nio.dll
Event: 2.297 Loaded shared library C:\Users\user\.vscode\extensions\redhat.java-1.55.0-win32-x64\jre\21.0.11-win32-x86_64\bin\zip.dll
Event: 2.527 Loaded shared library C:\Users\user\.vscode\extensions\redhat.java-1.55.0-win32-x64\jre\21.0.11-win32-x86_64\bin\jimage.dll
Event: 3.529 Loaded shared library c:\Users\user\.vscode\extensions\redhat.java-1.55.0-win32-x64\jre\21.0.11-win32-x86_64\bin\verify.dll
Event: 60.986 Loaded shared library C:\Users\user\AppData\Roaming\Code\User\globalStorage\redhat.java\1.55.0\config_ss_win\org.eclipse.equinox.launcher\org.eclipse.equinox.launcher.win32.win32.x86_64_1.3.100.v20260613-0559\eclipse_11924.dll
Event: 69.721 Loaded shared library C:\Users\user\.vscode\extensions\redhat.java-1.55.0-win32-x64\jre\21.0.11-win32-x86_64\bin\management.dll
Event: 69.878 Loaded shared library C:\Users\user\.vscode\extensions\redhat.java-1.55.0-win32-x64\jre\21.0.11-win32-x86_64\bin\management_ext.dll
Event: 97.775 Loaded shared library C:\Users\user\AppData\Local\Temp\jna-3599307\jna8936253563697001986.dll

Deoptimization events (20 events):
Event: 141.074 Thread 0x0000021eee741200 Uncommon trap: trap_request=0xffffff45 fr.pc=0x0000021edd33456c relative=0x000000000000068c
Event: 141.125 Thread 0x0000021eee741200 Uncommon trap: reason=unstable_if action=reinterpret pc=0x0000021edd33456c method=java.lang.String.newStringUTF8NoRepl([BIIZ)Ljava/lang/String; @ 41 c2
Event: 141.125 Thread 0x0000021eee741200 DEOPT PACKING pc=0x0000021edd33456c sp=0x0000008823bfe570
Event: 141.125 Thread 0x0000021eee741200 DEOPT UNPACKING pc=0x0000021edcc33aa2 sp=0x0000008823bfe528 mode 2
Event: 11004.653 Thread 0x0000021eeea64530 Uncommon trap: trap_request=0xffffffde fr.pc=0x0000021edd2e42b0 relative=0x00000000000008b0
Event: 11004.656 Thread 0x0000021eeea64530 Uncommon trap: reason=class_check action=maybe_recompile pc=0x0000021edd2e42b0 method=java.util.Spliterators$1Adapter.hasNext()Z @ 12 c2
Event: 11004.658 Thread 0x0000021eeea64530 DEOPT PACKING pc=0x0000021edd2e42b0 sp=0x00000088230fe630
Event: 11004.661 Thread 0x0000021eeea64530 DEOPT UNPACKING pc=0x0000021edcc33aa2 sp=0x00000088230fe628 mode 2
Event: 11004.662 Thread 0x0000021eeea64530 Uncommon trap: trap_request=0xffffffde fr.pc=0x0000021edd2e42b0 relative=0x00000000000008b0
Event: 11004.662 Thread 0x0000021eeea64530 Uncommon trap: reason=class_check action=maybe_recompile pc=0x0000021edd2e42b0 method=java.util.Spliterators$1Adapter.hasNext()Z @ 12 c2
Event: 11004.662 Thread 0x0000021eeea64530 DEOPT PACKING pc=0x0000021edd2e42b0 sp=0x00000088230fe640
Event: 11004.663 Thread 0x0000021eeea64530 DEOPT UNPACKING pc=0x0000021edcc33aa2 sp=0x00000088230fe638 mode 2
Event: 11004.892 Thread 0x0000021eeea64530 Uncommon trap: trap_request=0xffffffde fr.pc=0x0000021edd2e42b0 relative=0x00000000000008b0
Event: 11004.892 Thread 0x0000021eeea64530 Uncommon trap: reason=class_check action=maybe_recompile pc=0x0000021edd2e42b0 method=java.util.Spliterators$1Adapter.hasNext()Z @ 12 c2
Event: 11004.893 Thread 0x0000021eeea64530 DEOPT PACKING pc=0x0000021edd2e42b0 sp=0x00000088230fe640
Event: 11004.893 Thread 0x0000021eeea64530 DEOPT UNPACKING pc=0x0000021edcc33aa2 sp=0x00000088230fe638 mode 2
Event: 21812.974 Thread 0x0000021eee743ff0 Uncommon trap: trap_request=0xffffffde fr.pc=0x0000021edd1ed528 relative=0x0000000000000168
Event: 21812.974 Thread 0x0000021eee743ff0 Uncommon trap: reason=class_check action=maybe_recompile pc=0x0000021edd1ed528 method=java.util.ArrayList$ArrayListSpliterator.tryAdvance(Ljava/util/function/Consumer;)Z @ 48 c2
Event: 21812.974 Thread 0x0000021eee743ff0 DEOPT PACKING pc=0x0000021edd1ed528 sp=0x00000088239fe320
Event: 21812.974 Thread 0x0000021eee743ff0 DEOPT UNPACKING pc=0x0000021edcc33aa2 sp=0x00000088239fe2b0 mode 2

Classes loaded (20 events):
Event: 140.003 Loading class sun/util/logging/resources/logging_en
Event: 140.003 Loading class sun/util/logging/resources/logging_en done
Event: 140.003 Loading class sun/util/logging/resources/logging_en
Event: 140.003 Loading class sun/util/logging/resources/logging_en done
Event: 140.003 Loading class sun/util/logging/resources/logging_en_GB
Event: 140.003 Loading class sun/util/logging/resources/logging_en_GB done
Event: 140.003 Loading class sun/util/logging/resources/logging_en_GB
Event: 140.003 Loading class sun/util/logging/resources/logging_en_GB done
Event: 140.004 Loading class java/util/Formatter$DateTime
Event: 140.004 Loading class java/util/Formatter$DateTime done
Event: 140.005 Loading class java/time/ZonedDateTime$1
Event: 140.005 Loading class java/time/ZonedDateTime$1 done
Event: 141.240 Loading class java/lang/UnsupportedClassVersionError
Event: 141.240 Loading class java/lang/UnsupportedClassVersionError done
Event: 11007.410 Loading class java/util/stream/Nodes$ToArrayTask$OfRef
Event: 11007.807 Loading class java/util/stream/Nodes$ToArrayTask
Event: 11008.238 Loading class java/util/stream/Nodes$ToArrayTask done
Event: 11008.239 Loading class java/util/stream/Nodes$ToArrayTask$OfRef done
Event: 11011.812 Loading class java/util/ArrayDeque$DeqSpliterator
Event: 11012.002 Loading class java/util/ArrayDeque$DeqSpliterator done

Classes unloaded (7 events):
Event: 76.175 Thread 0x0000021ed2565910 Unloading class 0x0000021e811a0800 'java/lang/invoke/LambdaForm$MH+0x0000021e811a0800'
Event: 76.175 Thread 0x0000021ed2565910 Unloading class 0x0000021e811a0400 'java/lang/invoke/LambdaForm$MH+0x0000021e811a0400'
Event: 76.175 Thread 0x0000021ed2565910 Unloading class 0x0000021e811a0000 'java/lang/invoke/LambdaForm$MH+0x0000021e811a0000'
Event: 76.175 Thread 0x0000021ed2565910 Unloading class 0x0000021e8119fc00 'java/lang/invoke/LambdaForm$MH+0x0000021e8119fc00'
Event: 76.175 Thread 0x0000021ed2565910 Unloading class 0x0000021e8119f800 'java/lang/invoke/LambdaForm$BMH+0x0000021e8119f800'
Event: 76.175 Thread 0x0000021ed2565910 Unloading class 0x0000021e8119f400 'java/lang/invoke/LambdaForm$DMH+0x0000021e8119f400'
Event: 76.175 Thread 0x0000021ed2565910 Unloading class 0x0000021e8119e000 'java/lang/invoke/LambdaForm$DMH+0x0000021e8119e000'

Classes redefined (0 events):
No events

Internal exceptions (20 events):
Event: 134.492 Thread 0x0000021eee741200 Exception <a 'java/lang/NoSuchMethodError'{0x00000000d5e31e98}: 'int java.lang.invoke.DirectMethodHandle$Holder.invokeStaticInit(java.lang.Object, double, double)'> (0x00000000d5e31e98) 
thrown [s\src\hotspot\share\interpreter\linkResolver.cpp, line 773]
Event: 134.492 Thread 0x0000021eee741200 Exception <a 'java/lang/NoSuchMethodError'{0x00000000d5e366e8}: 'int java.lang.invoke.DirectMethodHandle$Holder.invokeStatic(java.lang.Object, long)'> (0x00000000d5e366e8) 
thrown [s\src\hotspot\share\interpreter\linkResolver.cpp, line 773]
Event: 134.660 Thread 0x0000021eee741200 Exception <a 'java/lang/NoSuchMethodError'{0x00000000d5e47da8}: 'int java.lang.invoke.DirectMethodHandle$Holder.invokeSpecial(java.lang.Object, java.lang.Object, int, int)'> (0x00000000d5e47da8) 
thrown [s\src\hotspot\share\interpreter\linkResolver.cpp, line 773]
Event: 134.665 Thread 0x0000021eee741200 Exception <a 'java/lang/NoSuchMethodError'{0x00000000d5f2cf68}: 'int java.lang.invoke.Invokers$Holder.linkToTargetMethod(java.lang.Object, java.lang.Object)'> (0x00000000d5f2cf68) 
thrown [s\src\hotspot\share\interpreter\linkResolver.cpp, line 773]
Event: 134.666 Thread 0x0000021eee741200 Implicit null exception at 0x0000021edd359240 to 0x0000021edd3592b6
Event: 139.765 Thread 0x0000021eee73fe50 Implicit null exception at 0x0000021edd2591a0 to 0x0000021edd259d0c
Event: 139.905 Thread 0x0000021eee73fe50 Exception <a 'java/lang/OutOfMemoryError'{0x00000000d59d00c8}: (class: lombok/core/FieldAugment$ReflectionFieldAugment, method: compareAndSet signature: (Ljava/lang/Object;Ljava/lang/Object;Ljava/lang/Object;)Ljava/lang/Object;) > (0x00000000d59d00c8) 
thrown [s\src\hotspot\share\classfile\verifier.cpp, line 344]
Event: 139.908 Thread 0x0000021eee73fe50 Exception <a 'java/lang/OutOfMemoryError'{0x00000000d59d00c8}> (0x00000000d59d00c8) 
thrown [s\src\hotspot\share\oops\instanceKlass.cpp, line 1218]
Event: 140.002 Thread 0x0000021eee73fe50 Exception <a 'java/lang/ClassNotFoundException'{0x00000000d5b31ec8}: sun/util/logging/resources/spi/loggingProvider> (0x00000000d5b31ec8) 
thrown [s\src\hotspot\share\classfile\systemDictionary.cpp, line 313]
Event: 140.667 Thread 0x0000021eeea65250 Exception <a 'java/lang/NoSuchMethodError'{0x00000000d56b1368}: 'int java.lang.invoke.DirectMethodHandle$Holder.invokeStatic(java.lang.Object)'> (0x00000000d56b1368) 
thrown [s\src\hotspot\share\interpreter\linkResolver.cpp, line 773]
Event: 140.748 Thread 0x0000021eeea65250 Exception <a 'java/io/FileNotFoundException'{0x00000000d572ae60}> (0x00000000d572ae60) 
thrown [s\src\hotspot\share\prims\jni.cpp, line 520]
Event: 140.748 Thread 0x0000021eeea65250 Exception <a 'java/io/FileNotFoundException'{0x00000000d5732e28}> (0x00000000d5732e28) 
thrown [s\src\hotspot\share\prims\jni.cpp, line 520]
Event: 140.750 Thread 0x0000021eeea65250 Exception <a 'java/io/FileNotFoundException'{0x00000000d57340a0}> (0x00000000d57340a0) 
thrown [s\src\hotspot\share\prims\jni.cpp, line 520]
Event: 141.213 Thread 0x0000021eeea65250 Exception <a 'sun/nio/fs/WindowsException'{0x00000000d5f7c4c0}> (0x00000000d5f7c4c0) 
thrown [s\src\hotspot\share\prims\jni.cpp, line 520]
Event: 141.213 Thread 0x0000021eeea65250 Exception <a 'sun/nio/fs/WindowsException'{0x00000000d5f7cb10}> (0x00000000d5f7cb10) 
thrown [s\src\hotspot\share\prims\jni.cpp, line 520]
Event: 141.300 Thread 0x0000021eee741200 Exception <a 'java/lang/NoSuchMethodError'{0x00000000d6074290}: 'int java.lang.invoke.Invokers$Holder.invokeExact_MT(java.lang.Object, java.lang.Object)'> (0x00000000d6074290) 
thrown [s\src\hotspot\share\interpreter\linkResolver.cpp, line 773]
Event: 141.453 Thread 0x0000021eee741200 Exception <a 'java/lang/NoClassDefFoundError'{0x00000000d6119c40}: Could not initialize class lombok.eclipse.EcjAugments> (0x00000000d6119c40) 
thrown [s\src\hotspot\share\oops\instanceKlass.cpp, line 1125]
Event: 21814.433 Thread 0x0000021eee743ff0 Exception <a 'sun/nio/fs/WindowsException'{0x00000000d627eb08}> (0x00000000d627eb08) 
thrown [s\src\hotspot\share\prims\jni.cpp, line 520]
Event: 21814.614 Thread 0x0000021eee743ff0 Exception <a 'sun/nio/fs/WindowsException'{0x00000000d6284150}> (0x00000000d6284150) 
thrown [s\src\hotspot\share\prims\jni.cpp, line 520]
Event: 21815.328 Thread 0x0000021eee743ff0 Exception <a 'sun/nio/fs/WindowsException'{0x00000000d6293030}> (0x00000000d6293030) 
thrown [s\src\hotspot\share\prims\jni.cpp, line 520]

ZGC Phase Switch (0 events):
No events

VM Operations (20 events):
Event: 140.669 Executing non-safepoint VM operation: HandshakeAllThreads (Deoptimize)
Event: 140.669 Executing non-safepoint VM operation: HandshakeAllThreads (Deoptimize) done
Event: 141.674 Executing safepoint VM operation: Cleanup
Event: 141.674 Executing safepoint VM operation: Cleanup done
Event: 181.279 Executing non-safepoint VM operation: HandshakeAllThreads (HandshakeForDeflation)
Event: 181.279 Executing non-safepoint VM operation: HandshakeAllThreads (HandshakeForDeflation) done
Event: 181.279 Executing non-safepoint VM operation: RendezvousGCThreads
Event: 181.279 Executing non-safepoint VM operation: RendezvousGCThreads done
Event: 11004.611 Executing safepoint VM operation: Cleanup
Event: 11004.628 Executing safepoint VM operation: Cleanup done
Event: 11007.656 Executing safepoint VM operation: Cleanup
Event: 11008.066 Executing safepoint VM operation: Cleanup done
Event: 11009.079 Executing safepoint VM operation: Cleanup
Event: 11009.267 Executing safepoint VM operation: Cleanup done
Event: 11012.288 Executing safepoint VM operation: Cleanup
Event: 21811.993 Executing safepoint VM operation: Cleanup done
Event: 21812.041 Executing non-safepoint VM operation: HandshakeAllThreads (HandshakeForDeflation)
Event: 21812.137 Executing non-safepoint VM operation: HandshakeAllThreads (HandshakeForDeflation) done
Event: 21812.152 Executing non-safepoint VM operation: RendezvousGCThreads
Event: 21812.152 Executing non-safepoint VM operation: RendezvousGCThreads done

Memory protections (0 events):
No events

Nmethod flushes (20 events):
Event: 133.387 Thread 0x0000021ed2565910 flushing  nmethod 0x0000021ed5bd6410
Event: 133.387 Thread 0x0000021ed2565910 flushing  nmethod 0x0000021ed5bd6a10
Event: 133.387 Thread 0x0000021ed2565910 flushing  nmethod 0x0000021ed5bd6f90
Event: 133.387 Thread 0x0000021ed2565910 flushing  nmethod 0x0000021ed5bd7890
Event: 133.387 Thread 0x0000021ed2565910 flushing  nmethod 0x0000021ed5be1290
Event: 133.387 Thread 0x0000021ed2565910 flushing  nmethod 0x0000021ed5be2510
Event: 133.387 Thread 0x0000021ed2565910 flushing  nmethod 0x0000021ed5bea390
Event: 133.387 Thread 0x0000021ed2565910 flushing  nmethod 0x0000021ed5bf9e10
Event: 133.387 Thread 0x0000021ed2565910 flushing  nmethod 0x0000021ed5c01190
Event: 133.387 Thread 0x0000021ed2565910 flushing  nmethod 0x0000021ed5c18a90
Event: 133.387 Thread 0x0000021ed2565910 flushing  nmethod 0x0000021ed5c53190
Event: 133.387 Thread 0x0000021ed2565910 flushing  nmethod 0x0000021ed5c53d90
Event: 133.387 Thread 0x0000021ed2565910 flushing  nmethod 0x0000021ed5cbdf10
Event: 133.387 Thread 0x0000021ed2565910 flushing  nmethod 0x0000021ed5d23d90
Event: 133.387 Thread 0x0000021ed2565910 flushing  nmethod 0x0000021ed5d24210
Event: 133.387 Thread 0x0000021ed2565910 flushing  nmethod 0x0000021ed5d3b990
Event: 133.387 Thread 0x0000021ed2565910 flushing  nmethod 0x0000021ed5d54e10
Event: 133.387 Thread 0x0000021ed2565910 flushing  nmethod 0x0000021ed5d70b10
Event: 133.387 Thread 0x0000021ed2565910 flushing  nmethod 0x0000021ed5d71310
Event: 133.387 Thread 0x0000021ed2565910 flushing  nmethod 0x0000021ed5d87690

Events (20 events):
Event: 97.987 Thread 0x0000021ed244c9c0 Thread added: 0x0000021eeea64bc0
Event: 98.751 Thread 0x0000021ed023e210 Thread added: 0x0000021eeea658e0
Event: 98.755 Thread 0x0000021ed023e210 Thread added: 0x0000021eeea66600
Event: 98.755 Thread 0x0000021ed023e210 Thread added: 0x0000021eeea65f70
Event: 98.755 Thread 0x0000021ed023e210 Thread added: 0x0000021eee7432d0
Event: 98.755 Thread 0x0000021ed023e210 Thread added: 0x0000021eee73eaa0
Event: 98.809 Thread 0x0000021eeea65250 Thread added: 0x0000021eee743960
Event: 98.867 Thread 0x0000021ed023e210 Thread added: 0x0000021eee741890
Event: 100.207 Thread 0x0000021ed023e210 Thread added: 0x0000021eee73f7c0
Event: 100.207 Thread 0x0000021ed023e210 Thread added: 0x0000021eee743ff0
Event: 129.087 Thread 0x0000021eee743ff0 Thread added: 0x0000021eee73fe50
Event: 129.335 Thread 0x0000021eee743ff0 Thread added: 0x0000021eee741200
Event: 130.083 Thread 0x0000021eeea64530 Thread added: 0x0000021eee73d060
Event: 130.219 Thread 0x0000021eee73d060 Thread exited: 0x0000021eee73d060
Event: 11002.819 Thread 0x0000021eee741200 Thread exited: 0x0000021eee741200
Event: 11006.410 Thread 0x0000021eeea64530 Thread added: 0x0000021eee7404e0
Event: 11006.875 Thread 0x0000021eee7404e0 Thread added: 0x0000021eee740b70
Event: 11008.239 Thread 0x0000021eee7404e0 Thread exited: 0x0000021eee7404e0
Event: 11008.353 Thread 0x0000021eee740b70 Thread exited: 0x0000021eee740b70
Event: 21812.298 Thread 0x0000021eee743960 Thread exited: 0x0000021eee743960


Dynamic libraries:
0x00007ff682790000 - 0x00007ff68279e000 	c:\Users\user\.vscode\extensions\redhat.java-1.55.0-win32-x64\jre\21.0.11-win32-x86_64\bin\java.exe
0x00007ffa573b0000 - 0x00007ffa575a8000 	C:\Windows\SYSTEM32\ntdll.dll
0x00007ffa571c0000 - 0x00007ffa57282000 	C:\Windows\System32\KERNEL32.DLL
0x00007ffa54f00000 - 0x00007ffa551f6000 	C:\Windows\System32\KERNELBASE.dll
0x00007ffa4e3b0000 - 0x00007ffa4e444000 	C:\Windows\SYSTEM32\apphelp.dll
0x00007ffa54ad0000 - 0x00007ffa54bd0000 	C:\Windows\System32\ucrtbase.dll
0x00007ffa30ba0000 - 0x00007ffa30bb8000 	c:\Users\user\.vscode\extensions\redhat.java-1.55.0-win32-x64\jre\21.0.11-win32-x86_64\bin\jli.dll
0x00007ffa565c0000 - 0x00007ffa56761000 	C:\Windows\System32\USER32.dll
0x00007ffa553a0000 - 0x00007ffa553c2000 	C:\Windows\System32\win32u.dll
0x00007ffa569e0000 - 0x00007ffa56a0b000 	C:\Windows\System32\GDI32.dll
0x00007ffa55200000 - 0x00007ffa55319000 	C:\Windows\System32\gdi32full.dll
0x00007ffa54e60000 - 0x00007ffa54efd000 	C:\Windows\System32\msvcp_win.dll
0x00007ffa2aef0000 - 0x00007ffa2af0e000 	c:\Users\user\.vscode\extensions\redhat.java-1.55.0-win32-x64\jre\21.0.11-win32-x86_64\bin\VCRUNTIME140.dll
0x00007ffa3c4a0000 - 0x00007ffa3c73b000 	C:\Windows\WinSxS\amd64_microsoft.windows.common-controls_6595b64144ccf1df_6.0.19041.6456_none_60b8a6cb71f64256\COMCTL32.dll
0x00007ffa572d0000 - 0x00007ffa5736e000 	C:\Windows\System32\msvcrt.dll
0x00007ffa57290000 - 0x00007ffa572bf000 	C:\Windows\System32\IMM32.DLL
0x00007ffa34a10000 - 0x00007ffa34a1c000 	c:\Users\user\.vscode\extensions\redhat.java-1.55.0-win32-x64\jre\21.0.11-win32-x86_64\bin\vcruntime140_1.dll
0x00007ff9fdb00000 - 0x00007ff9fdb8d000 	c:\Users\user\.vscode\extensions\redhat.java-1.55.0-win32-x64\jre\21.0.11-win32-x86_64\bin\msvcp140.dll
0x00007ff991fb0000 - 0x00007ff992d52000 	c:\Users\user\.vscode\extensions\redhat.java-1.55.0-win32-x64\jre\21.0.11-win32-x86_64\bin\server\jvm.dll
0x00007ffa556b0000 - 0x00007ffa55761000 	C:\Windows\System32\ADVAPI32.dll
0x00007ffa55920000 - 0x00007ffa559bf000 	C:\Windows\System32\sechost.dll
0x00007ffa56ba0000 - 0x00007ffa56cc0000 	C:\Windows\System32\RPCRT4.dll
0x00007ffa55320000 - 0x00007ffa55347000 	C:\Windows\System32\bcrypt.dll
0x00007ffa56b30000 - 0x00007ffa56b9b000 	C:\Windows\System32\WS2_32.dll
0x00007ffa548a0000 - 0x00007ffa548eb000 	C:\Windows\SYSTEM32\POWRPROF.dll
0x00007ffa3c740000 - 0x00007ffa3c767000 	C:\Windows\SYSTEM32\WINMM.dll
0x00007ffa47f30000 - 0x00007ffa47f3a000 	C:\Windows\SYSTEM32\VERSION.dll
0x00007ffa54880000 - 0x00007ffa54892000 	C:\Windows\SYSTEM32\UMPDC.dll
0x00007ffa53210000 - 0x00007ffa53222000 	C:\Windows\SYSTEM32\kernel.appcore.dll
0x00007ffa330d0000 - 0x00007ffa330da000 	c:\Users\user\.vscode\extensions\redhat.java-1.55.0-win32-x64\jre\21.0.11-win32-x86_64\bin\jimage.dll
0x00007ffa4e710000 - 0x00007ffa4e911000 	C:\Windows\SYSTEM32\DBGHELP.DLL
0x00007ffa32d40000 - 0x00007ffa32d74000 	C:\Windows\SYSTEM32\dbgcore.DLL
0x00007ffa54a40000 - 0x00007ffa54ac2000 	C:\Windows\System32\bcryptPrimitives.dll
0x00007ffa2ffe0000 - 0x00007ffa2ffef000 	c:\Users\user\.vscode\extensions\redhat.java-1.55.0-win32-x64\jre\21.0.11-win32-x86_64\bin\instrument.dll
0x00007ffa2ae60000 - 0x00007ffa2ae80000 	c:\Users\user\.vscode\extensions\redhat.java-1.55.0-win32-x64\jre\21.0.11-win32-x86_64\bin\java.dll
0x00007ffa55da0000 - 0x00007ffa56510000 	C:\Windows\System32\SHELL32.dll
0x00007ffa524c0000 - 0x00007ffa52c65000 	C:\Windows\SYSTEM32\windows.storage.dll
0x00007ffa55a20000 - 0x00007ffa55d74000 	C:\Windows\System32\combase.dll
0x00007ffa54320000 - 0x00007ffa5434b000 	C:\Windows\SYSTEM32\Wldp.dll
0x00007ffa56910000 - 0x00007ffa569dd000 	C:\Windows\System32\OLEAUT32.dll
0x00007ffa56770000 - 0x00007ffa5681d000 	C:\Windows\System32\SHCORE.dll
0x00007ffa55570000 - 0x00007ffa555cb000 	C:\Windows\System32\shlwapi.dll
0x00007ffa54970000 - 0x00007ffa54994000 	C:\Windows\SYSTEM32\profapi.dll
0x00007ffa15470000 - 0x00007ffa15488000 	c:\Users\user\.vscode\extensions\redhat.java-1.55.0-win32-x64\jre\21.0.11-win32-x86_64\bin\zip.dll
0x00007ffa2fe70000 - 0x00007ffa2fe80000 	C:\Users\user\.vscode\extensions\redhat.java-1.55.0-win32-x64\jre\21.0.11-win32-x86_64\bin\net.dll
0x00007ffa41eb0000 - 0x00007ffa41fba000 	C:\Windows\SYSTEM32\WINHTTP.dll
0x00007ffa54090000 - 0x00007ffa540fa000 	C:\Windows\system32\mswsock.dll
0x00007ffa12ba0000 - 0x00007ffa12bb6000 	C:\Users\user\.vscode\extensions\redhat.java-1.55.0-win32-x64\jre\21.0.11-win32-x86_64\bin\nio.dll
0x00007ffa2b260000 - 0x00007ffa2b270000 	c:\Users\user\.vscode\extensions\redhat.java-1.55.0-win32-x64\jre\21.0.11-win32-x86_64\bin\verify.dll
0x00007ff9ff730000 - 0x00007ff9ff775000 	C:\Users\user\AppData\Roaming\Code\User\globalStorage\redhat.java\1.55.0\config_ss_win\org.eclipse.equinox.launcher\org.eclipse.equinox.launcher.win32.win32.x86_64_1.3.100.v20260613-0559\eclipse_11924.dll
0x00007ffa55440000 - 0x00007ffa5556b000 	C:\Windows\System32\ole32.dll
0x00007ffa4be20000 - 0x00007ffa4be2a000 	C:\Users\user\.vscode\extensions\redhat.java-1.55.0-win32-x64\jre\21.0.11-win32-x86_64\bin\management.dll
0x00007ffa36bf0000 - 0x00007ffa36bfc000 	C:\Users\user\.vscode\extensions\redhat.java-1.55.0-win32-x64\jre\21.0.11-win32-x86_64\bin\management_ext.dll
0x00007ffa572c0000 - 0x00007ffa572c8000 	C:\Windows\System32\PSAPI.DLL
0x00007ffa54360000 - 0x00007ffa54378000 	C:\Windows\SYSTEM32\CRYPTSP.dll
0x00007ffa539d0000 - 0x00007ffa53a08000 	C:\Windows\system32\rsaenh.dll
0x00007ffa54930000 - 0x00007ffa5495e000 	C:\Windows\SYSTEM32\USERENV.dll
0x00007ffa54290000 - 0x00007ffa5429c000 	C:\Windows\SYSTEM32\CRYPTBASE.dll
0x00007ffa53d90000 - 0x00007ffa53dcb000 	C:\Windows\SYSTEM32\IPHLPAPI.DLL
0x00007ffa55430000 - 0x00007ffa55438000 	C:\Windows\System32\NSI.dll
0x00007ff9ff4b0000 - 0x00007ff9ff4f9000 	C:\Users\user\AppData\Local\Temp\jna-3599307\jna8936253563697001986.dll
0x00007ffa42730000 - 0x00007ffa42747000 	C:\Windows\SYSTEM32\dhcpcsvc6.DLL
0x00007ffa42550000 - 0x00007ffa4256d000 	C:\Windows\SYSTEM32\dhcpcsvc.DLL

JVMTI agents:
c:\Users\user\.vscode\extensions\redhat.java-1.55.0-win32-x64\lombok\lombok-1.18.39-4050.jar path:c:\Users\user\.vscode\extensions\redhat.java-1.55.0-win32-x64\jre\21.0.11-win32-x86_64\bin\instrument.dll, loaded, initialized, instrumentlib options:none

dbghelp: loaded successfully - version: 4.0.5 - missing functions: none
symbol engine: initialized successfully - sym options: 0x614 - pdb path: .;c:\Users\user\.vscode\extensions\redhat.java-1.55.0-win32-x64\jre\21.0.11-win32-x86_64\bin;C:\Windows\SYSTEM32;C:\Windows\WinSxS\amd64_microsoft.windows.common-controls_6595b64144ccf1df_6.0.19041.6456_none_60b8a6cb71f64256;c:\Users\user\.vscode\extensions\redhat.java-1.55.0-win32-x64\jre\21.0.11-win32-x86_64\bin\server;C:\Users\user\AppData\Roaming\Code\User\globalStorage\redhat.java\1.55.0\config_ss_win\org.eclipse.equinox.launcher\org.eclipse.equinox.launcher.win32.win32.x86_64_1.3.100.v20260613-0559;C:\Users\user\AppData\Local\Temp\jna-3599307

VM Arguments:
jvm_args: --add-modules=ALL-SYSTEM --add-opens=java.base/java.util=ALL-UNNAMED --add-opens=java.base/java.lang=ALL-UNNAMED --add-opens=java.base/sun.nio.fs=ALL-UNNAMED -Declipse.application=org.eclipse.jdt.ls.core.id1 -Dosgi.bundles.defaultStartLevel=4 -Declipse.product=org.eclipse.jdt.ls.core.product -Djava.import.generatesMetadataFilesAtProjectRoot=false -DDetectVMInstallationsJob.disabled=true -Dfile.encoding=utf8 -XX:+UseParallelGC -XX:GCTimeRatio=4 -XX:AdaptiveSizePolicyWeight=90 -Dsun.zip.disableMemoryMapping=true -Xmx2G -Xms100m -Xlog:disable -javaagent:c:\Users\user\.vscode\extensions\redhat.java-1.55.0-win32-x64\lombok\lombok-1.18.39-4050.jar 
java_command: c:\Users\user\.vscode\extensions\redhat.java-1.55.0-win32-x64\server\plugins\org.eclipse.equinox.launcher_1.7.200.v20260619-2039.jar -configuration c:\Users\user\AppData\Roaming\Code\User\globalStorage\redhat.java\1.55.0\config_ss_win -data c:\Users\user\AppData\Roaming\Code\User\workspaceStorage\dab5175b91a082de2c4132b3822a9f46\redhat.java\ss_ws --pipe=\\.\pipe\lsp-5f59cc36206e6358c1c5172bb333e066-sock
java_class_path (initial): c:\Users\user\.vscode\extensions\redhat.java-1.55.0-win32-x64\server\plugins\org.eclipse.equinox.launcher_1.7.200.v20260619-2039.jar
Launcher Type: SUN_STANDARD

[Global flags]
    uintx AdaptiveSizePolicyWeight                 = 90                                        {product} {command line}
     intx CICompilerCount                          = 3                                         {product} {ergonomic}
    uintx GCTimeRatio                              = 4                                         {product} {command line}
   size_t InitialHeapSize                          = 104857600                                 {product} {command line}
   size_t MaxHeapSize                              = 2147483648                                {product} {command line}
   size_t MaxNewSize                               = 715653120                                 {product} {ergonomic}
   size_t MinHeapDeltaBytes                        = 524288                                    {product} {ergonomic}
   size_t MinHeapSize                              = 104857600                                 {product} {command line}
   size_t NewSize                                  = 34603008                                  {product} {ergonomic}
    uintx NonNMethodCodeHeapSize                   = 5832780                                {pd product} {ergonomic}
    uintx NonProfiledCodeHeapSize                  = 122912730                              {pd product} {ergonomic}
   size_t OldSize                                  = 70254592                                  {product} {ergonomic}
    uintx ProfiledCodeHeapSize                     = 122912730                              {pd product} {ergonomic}
    uintx ReservedCodeCacheSize                    = 251658240                              {pd product} {ergonomic}
     bool SegmentedCodeCache                       = true                                      {product} {ergonomic}
   size_t SoftMaxHeapSize                          = 2147483648                             {manageable} {ergonomic}
     bool UseCompressedOops                        = true                           {product lp64_product} {ergonomic}
     bool UseLargePagesIndividualAllocation        = false                                  {pd product} {ergonomic}
     bool UseParallelGC                            = true                                      {product} {command line}

Logging:
Log output configuration:
 #0: stdout all=off uptime,level,tags foldmultilines=false
 #1: stderr all=off uptime,level,tags foldmultilines=false

Release file:
JAVA_VERSION="21.0.11" 
MODULES="java.base java.compiler java.datatransfer java.xml java.prefs java.desktop java.instrument java.logging java.management java.security.sasl java.naming java.rmi java.management.rmi java.net.http java.scripting java.security.jgss java.transaction.xa java.sql java.sql.rowset java.xml.crypto java.se java.smartcardio jdk.accessibility jdk.internal.jvmstat jdk.attach jdk.charsets jdk.internal.opt jdk.zipfs jdk.compiler jdk.crypto.ec jdk.crypto.cryptoki jdk.crypto.mscapi jdk.dynalink jdk.internal.ed jdk.editpad jdk.hotspot.agent jdk.httpserver jdk.internal.le jdk.internal.vm.ci jdk.internal.vm.compiler jdk.internal.vm.compiler.management jdk.jartool jdk.javadoc jdk.jcmd jdk.management jdk.management.agent jdk.jconsole jdk.jdeps jdk.jdwp.agent jdk.jdi jdk.jfr jdk.jshell jdk.jsobject jdk.jstatd jdk.localedata jdk.management.jfr jdk.naming.dns jdk.naming.rmi jdk.net jdk.nio.mapmode jdk.random jdk.sctp jdk.security.auth jdk.security.jgss jdk.unsupported jdk.unsupported.desktop jdk.xml.dom" 

Environment Variables:
PATH=C:\Python313\Scripts\;C:\Python313\;C:\Program Files\Common Files\Oracle\Java\javapath;C:\Windows\system32;C:\Windows;C:\Windows\System32\Wbem;C:\Windows\System32\WindowsPowerShell\v1.0\;C:\Windows\System32\OpenSSH\;C:\Program Files\Git\cmd;C:\Program Files\Docker\Docker\resources\bin;C:\Program Files\nodejs\;C:\ProgramData\chocolatey\bin;C:\Program Files\Memurai\;C:\Users\user\.console-ninja\.bin;C:\Users\user\AppData\Local\Microsoft\WindowsApps;;C:\Users\user\AppData\Local\Programs\Microsoft VS Code\bin;C:\Program Files\JetBrains\PyCharm 2022.3.2\bin;C:\Program Files\heroku\bin;C:\Program Files\JetBrains\IntelliJ IDEA Community Edition 2024.2.1\bin;;C:\Users\user\AppData\Roaming\npm;C:\Users\user\AppData\Local\Programs\Antigravity\bin;C:\Users\user\AppData\Local\Programs\Antigravity IDE\bin
USERNAME=user
OS=Windows_NT
PROCESSOR_IDENTIFIER=Intel64 Family 6 Model 78 Stepping 3, GenuineIntel
TMP=C:\Users\user\AppData\Local\Temp
TEMP=C:\Users\user\AppData\Local\Temp




Periodic native trim disabled

---------------  S Y S T E M  ---------------

OS:
 Windows 10 , 64 bit Build 19041 (10.0.19041.5915)
OS uptime: 2 days 3:59 hours
Hyper-V role detected

CPU: total 4 (initial active 4) (2 cores per cpu, 2 threads per core) family 6 model 78 stepping 3 microcode 0xcc, cx8, cmov, fxsr, ht, mmx, 3dnowpref, sse, sse2, sse3, ssse3, sse4.1, sse4.2, popcnt, lzcnt, tsc, tscinvbit, avx, avx2, aes, erms, clmul, bmi1, bmi2, rtm, adx, fma, vzeroupper, clflush, clflushopt, hv, rdtscp, f16c
Processor Information for the first 4 processors :
  Max Mhz: 2496, Current Mhz: 2396, Mhz Limit: 2396

Memory: 4k page, system-wide physical 8072M (199M free)
TotalPageFile size 32648M (AvailPageFile size 2M)
current process WorkingSet (physical memory assigned to process): 48M, peak: 170M
current process commit charge ("private bytes"): 275M, peak: 286M

vm_info: OpenJDK 64-Bit Server VM (21.0.11+10-LTS) for windows-amd64 JRE (21.0.11+10-LTS), built on 2026-04-21T00:00:00Z by "admin" with MS VC++ 17.12 (VS2022)

END.
